#0 building with "default" instance using docker driver

#1 [internal] load build definition from Dockerfile
#1 transferring dockerfile: 1.26kB done
#1 DONE 0.0s

#2 [auth] library/ubuntu:pull token for registry-1.docker.io
#2 DONE 0.0s

#3 [internal] load metadata for docker.io/library/ubuntu:22.04
#3 DONE 1.5s

#4 [internal] load .dockerignore
#4 transferring context: 2B done
#4 DONE 0.0s

#5 [1/9] FROM docker.io/library/ubuntu:22.04@sha256:829f6df217bcbae2b371026e81711d1a787c61b2967ad09d015063663ebafbf7
#5 resolve docker.io/library/ubuntu:22.04@sha256:829f6df217bcbae2b371026e81711d1a787c61b2967ad09d015063663ebafbf7 0.0s done
#5 CACHED

#6 [internal] load build context
#6 transferring context: 248B done
#6 DONE 0.0s

#7 [2/9] RUN apt-get update && apt-get install -y     git     bash     curl     ca-certificates     build-essential     libcairo2-dev     libpango1.0-dev     libjpeg-dev     libgif-dev     librsvg2-dev     && curl -fsSL https://deb.nodesource.com/setup_20.x | bash -     && apt-get install -y nodejs     && rm -rf /var/lib/apt/lists/*
#7 20.07 Ign:1 http://archive.ubuntu.com/ubuntu jammy InRelease
#7 50.18 Ign:2 http://security.ubuntu.com/ubuntu jammy-security InRelease
#7 80.16 Ign:3 http://archive.ubuntu.com/ubuntu jammy-updates InRelease
#7 99.75 Ign:4 http://archive.ubuntu.com/ubuntu jammy-backports InRelease
#7 111.3 Ign:2 http://security.ubuntu.com/ubuntu jammy-security InRelease
#7 120.2 Ign:1 http://archive.ubuntu.com/ubuntu jammy InRelease
#7 140.3 Ign:3 http://archive.ubuntu.com/ubuntu jammy-updates InRelease
#7 173.4 Ign:2 http://security.ubuntu.com/ubuntu jammy-security InRelease
#7 200.4 Ign:4 http://archive.ubuntu.com/ubuntu jammy-backports InRelease
#7 237.4 Err:2 http://security.ubuntu.com/ubuntu jammy-security InRelease
#7 237.4   502  Connection refused [IP: 185.125.190.82 80]
#7 249.9 Ign:1 http://archive.ubuntu.com/ubuntu jammy InRelease
#7 269.3 Ign:3 http://archive.ubuntu.com/ubuntu jammy-updates InRelease
#7 288.8 Ign:4 http://archive.ubuntu.com/ubuntu jammy-backports InRelease
#7 308.8 Err:1 http://archive.ubuntu.com/ubuntu jammy InRelease
#7 308.8   502  Connection refused [IP: 91.189.92.23 80]
#7 328.5 Err:3 http://archive.ubuntu.com/ubuntu jammy-updates InRelease
#7 328.5   Connection failed [IP: 91.189.92.24 80]
#7 388.6 Err:4 http://archive.ubuntu.com/ubuntu jammy-backports InRelease
#7 388.6   502  Connection refused [IP: 185.125.190.81 80]
#7 388.7 Reading package lists...
#7 388.7 W: Failed to fetch http://archive.ubuntu.com/ubuntu/dists/jammy/InRelease  502  Connection refused [IP: 91.189.92.23 80]
#7 388.7 W: Failed to fetch http://archive.ubuntu.com/ubuntu/dists/jammy-updates/InRelease  Connection failed [IP: 91.189.92.24 80]
#7 388.7 W: Failed to fetch http://archive.ubuntu.com/ubuntu/dists/jammy-backports/InRelease  502  Connection refused [IP: 185.125.190.81 80]
#7 388.7 W: Failed to fetch http://security.ubuntu.com/ubuntu/dists/jammy-security/InRelease  502  Connection refused [IP: 185.125.190.82 80]
#7 388.7 W: Some index files failed to download. They have been ignored, or old ones used instead.
#7 388.7 Reading package lists...
#7 388.8 Building dependency tree...
#7 388.8 Reading state information...
#7 388.8 Package ca-certificates is not available, but is referred to by another package.
#7 388.8 This may mean that the package is missing, has been obsoleted, or
#7 388.8 is only available from another source
#7 388.8 
#7 388.8 E: Unable to locate package git
#7 388.8 E: Unable to locate package curl
#7 388.8 E: Package 'ca-certificates' has no installation candidate
#7 388.8 E: Unable to locate package build-essential
#7 388.8 E: Unable to locate package libcairo2-dev
#7 388.8 E: Unable to locate package libpango1.0-dev
#7 388.8 E: Couldn't find any package by glob 'libpango1.0-dev'
#7 388.8 E: Couldn't find any package by regex 'libpango1.0-dev'
#7 388.8 E: Unable to locate package libjpeg-dev
#7 388.8 E: Unable to locate package libgif-dev
#7 388.8 E: Unable to locate package librsvg2-dev
#7 ERROR: process "/bin/sh -c apt-get update && apt-get install -y     git     bash     curl     ca-certificates     build-essential     libcairo2-dev     libpango1.0-dev     libjpeg-dev     libgif-dev     librsvg2-dev     && curl -fsSL https://deb.nodesource.com/setup_20.x | bash -     && apt-get install -y nodejs     && rm -rf /var/lib/apt/lists/*" did not complete successfully: exit code: 100
------
 > [2/9] RUN apt-get update && apt-get install -y     git     bash     curl     ca-certificates     build-essential     libcairo2-dev     libpango1.0-dev     libjpeg-dev     libgif-dev     librsvg2-dev     && curl -fsSL https://deb.nodesource.com/setup_20.x | bash -     && apt-get install -y nodejs     && rm -rf /var/lib/apt/lists/*:
388.8 E: Unable to locate package curl
388.8 E: Package 'ca-certificates' has no installation candidate
388.8 E: Unable to locate package build-essential
388.8 E: Unable to locate package libcairo2-dev
388.8 E: Unable to locate package libpango1.0-dev
388.8 E: Couldn't find any package by glob 'libpango1.0-dev'
388.8 E: Couldn't find any package by regex 'libpango1.0-dev'
388.8 E: Unable to locate package libjpeg-dev
388.8 E: Unable to locate package libgif-dev
388.8 E: Unable to locate package librsvg2-dev
------
Dockerfile:7
--------------------
   6 |     # 1. Install Git, Bash, Node.js 20 LTS, and required Linux graphics libraries for Chart.js Canvas
   7 | >>> RUN apt-get update && apt-get install -y \
   8 | >>>     git \
   9 | >>>     bash \
  10 | >>>     curl \
  11 | >>>     ca-certificates \
  12 | >>>     build-essential \
  13 | >>>     libcairo2-dev \
  14 | >>>     libpango1.0-dev \
  15 | >>>     libjpeg-dev \
  16 | >>>     libgif-dev \
  17 | >>>     librsvg2-dev \
  18 | >>>     && curl -fsSL https://deb.nodesource.com/setup_20.x | bash - \
  19 | >>>     && apt-get install -y nodejs \
  20 | >>>     && rm -rf /var/lib/apt/lists/*
  21 |     
--------------------
ERROR: failed to build: failed to solve: process "/bin/sh -c apt-get update && apt-get install -y     git     bash     curl     ca-certificates     build-essential     libcairo2-dev     libpango1.0-dev     libjpeg-dev     libgif-dev     librsvg2-dev     && curl -fsSL https://deb.nodesource.com/setup_20.x | bash -     && apt-get install -y nodejs     && rm -rf /var/lib/apt/lists/*" did not complete successfully: exit code: 100
